
-> in: add(1, 2) in SimpleLoggerTests.swift
<- out: add(_:_:)
