
[1970-01-01T00:00:00Z ~000000ms] event: 1
[1970-01-01T00:00:00Z ~000500ms] event: 2
