#!/bin/bash
diff /path_without_spaces/r.text /path_without_spaces/a.text
